EN fifo_generator_v9_2_0 NULL //psf/home/PiScope/PiScopeCore/PiScopeCore.srcs/sources_1/ip/fifo_generator_v9_2_0/fifo_generator_v9_2_0.vhd sub00/vhpl00 1360953079
EN spi_slave_new NULL //psf/home/PiScope/PiScopeCore/PiScopeCore.srcs/sources_1/imports/new/spi_slave_new.vhd sub00/vhpl02 1360953073
EN display NULL //psf/home/PiScope/PiScopeCore/PiScopeCore.srcs/sources_1/imports/new/Display.vhd sub00/vhpl04 1360953075
AR display behavioral //psf/home/PiScope/PiScopeCore/PiScopeCore.srcs/sources_1/imports/new/Display.vhd sub00/vhpl05 1360953076
EN spi_slave_new_wrapper NULL //psf/home/PiScope/PiScopeCore/PiScopeCore.srcs/sources_1/imports/new/spi_slave_new_wrapper.vhd sub00/vhpl06 1360953077
AR fifo_generator_v9_2_0 fifo_generator_v9_2_0_a //psf/home/PiScope/PiScopeCore/PiScopeCore.srcs/sources_1/ip/fifo_generator_v9_2_0/fifo_generator_v9_2_0.vhd sub00/vhpl08 1360953080
AR fifo_generator_v9_2_0 spartan3 //psf/home/PiScope/PiScopeCore/PiScopeCore.srcs/sources_1/ip/fifo_generator_v9_2_0/fifo_generator_v9_2_0_synth.vhd sub00/vhpl01 1360953072
AR spi_slave_new behavioral //psf/home/PiScope/PiScopeCore/PiScopeCore.srcs/sources_1/imports/new/spi_slave_new.vhd sub00/vhpl03 1360953074
AR spi_slave_new_wrapper behavioral //psf/home/PiScope/PiScopeCore/PiScopeCore.srcs/sources_1/imports/new/spi_slave_new_wrapper.vhd sub00/vhpl07 1360953078
