V3 17
FL //psf/home/PiScope/PiScopeCore/PiScopeCore.srcs/sources_1/imports/new/Display.vhd 2013/02/11.17:11:06 P.28xd
EN work/display 1363169964 \
      FL //psf/home/PiScope/PiScopeCore/PiScopeCore.srcs/sources_1/imports/new/Display.vhd \
      PB ieee/std_logic_1164 1341906176 PB ieee/std_logic_arith 1341906177 \
      PB ieee/STD_LOGIC_UNSIGNED 1341906179
AR work/display/Behavioral 1363169965 \
      FL //psf/home/PiScope/PiScopeCore/PiScopeCore.srcs/sources_1/imports/new/Display.vhd \
      EN work/display 1363169964 CP with
FL //psf/home/PiScope/PiScopeCore/PiScopeCore.srcs/sources_1/imports/new/spi_slave_new.vhd 2013/03/12.17:44:12 P.28xd
EN work/spi_slave_new 1363169962 \
      FL //psf/home/PiScope/PiScopeCore/PiScopeCore.srcs/sources_1/imports/new/spi_slave_new.vhd \
      PB ieee/std_logic_1164 1341906176 PB ieee/std_logic_arith 1341906177 \
      PB ieee/STD_LOGIC_UNSIGNED 1341906179
AR work/spi_slave_new/Behavioral 1363169963 \
      FL //psf/home/PiScope/PiScopeCore/PiScopeCore.srcs/sources_1/imports/new/spi_slave_new.vhd \
      EN work/spi_slave_new 1363169962
FL //psf/home/PiScope/PiScopeCore/PiScopeCore.srcs/sources_1/imports/new/spi_slave_new_wrapper.vhd 2013/03/13.11:18:58 P.28xd
EN work/spi_slave_new_wrapper 1363169966 \
      FL //psf/home/PiScope/PiScopeCore/PiScopeCore.srcs/sources_1/imports/new/spi_slave_new_wrapper.vhd \
      PB ieee/std_logic_1164 1341906176 LB UNISIM PH unisim/VCOMPONENTS 1341906184
AR work/spi_slave_new_wrapper/Behavioral 1363169967 \
      FL //psf/home/PiScope/PiScopeCore/PiScopeCore.srcs/sources_1/imports/new/spi_slave_new_wrapper.vhd \
      EN work/spi_slave_new_wrapper 1363169966 CP fifo_generator_v9_2_0 \
      AR work/spi_slave_new/Behavioral 1363169963 AR work/display/Behavioral 1363169965
FL //psf/home/PiScope/PiScopeCore/PiScopeCore.srcs/sources_1/ip/fifo_generator_v9_2_0/fifo_generator_v9_2_0.vhd 2013/02/28.13:46:30 P.28xd
AR work/fifo_generator_v9_2_0/fifo_generator_v9_2_0_a 1363169969 \
      FL //psf/home/PiScope/PiScopeCore/PiScopeCore.srcs/sources_1/ip/fifo_generator_v9_2_0/fifo_generator_v9_2_0.vhd \
      EN work/fifo_generator_v9_2_0 1363169968
FL //psf/home/PiScope/PiScopeCore/PiScopeCore.srcs/sources_1/ip/fifo_generator_v9_2_0/fifo_generator_v9_2_0_synth.vhd 2013/02/28.13:46:29 P.28xd
EN work/fifo_generator_v9_2_0 1363169968 \
      FL //psf/home/PiScope/PiScopeCore/PiScopeCore.srcs/sources_1/ip/fifo_generator_v9_2_0/fifo_generator_v9_2_0_synth.vhd \
      PB ieee/std_logic_1164 1341906176
AR work/fifo_generator_v9_2_0/spartan3 -1 \
      FL //psf/home/PiScope/PiScopeCore/PiScopeCore.srcs/sources_1/ip/fifo_generator_v9_2_0/fifo_generator_v9_2_0_synth.vhd \
      EN work/fifo_generator_v9_2_0 1363169968
